2026-07-29 14:30:54.498 +03:00 [INF] === TheFool Server (Orleans) ===
2026-07-29 14:30:54.624 +03:00 [INF] Listening on http://localhost:5000
2026-07-29 14:30:54.635 +03:00 [INF] SignalR Hub: /meta
2026-07-29 14:30:54.916 +03:00 [INF] Silo starting with GC settings: ServerGC=true GCLatencyMode="Interactive"
2026-07-29 14:30:54.943 +03:00 [INF] -------------- Initializing silo on host dmd-desktop MachineName DMD-DESKTOP at 127.0.0.1:11111, gen 144329454 --------------
2026-07-29 14:30:54.981 +03:00 [INF] Starting silo Silo_8c9dd
2026-07-29 14:30:56.211 +03:00 [INF] GrainBasedMembershipTable Activated.
2026-07-29 14:30:56.264 +03:00 [INF] -------------- Started silo S127.0.0.1:11111:144329454, ConsistentHashCode 53BEF07 --------------
2026-07-29 14:30:56.316 +03:00 [INF] Starting Orleans Silo.
2026-07-29 14:30:56.377 +03:00 [INF] Configuration Orleans.Configuration.ActivationCountBasedPlacementOptions:
ChooseOutOf: 2

2026-07-29 14:30:56.428 +03:00 [INF] Configuration Orleans.Configuration.ClusterMembershipOptions:
NumMissedTableIAmAliveLimit: 3
LivenessEnabled: True
ProbeTimeout: 00:00:05
TableRefreshTimeout: 00:01:00
DeathVoteExpirationTimeout: 00:02:00
IAmAliveTablePublishTimeout: 00:00:30
MaxJoinAttemptTime: 00:05:00
UseLivenessGossip: True
NumProbedSilos: 10
NumMissedProbesLimit: 3
NumVotesForDeathDeclaration: 2
DefunctSiloExpiration: 7.00:00:00
DefunctSiloCleanupPeriod: 01:00:00
LocalHealthDegradationMonitoringPeriod: 00:00:10
ExtendProbeTimeoutDuringDegradation: True
EnableIndirectProbes: True
EvictWhenMaxJoinAttemptTimeExceeded: True

2026-07-29 14:30:56.439 +03:00 [INF] Configuration Orleans.Configuration.ClusterOptions:
ClusterId: cg1-cluster
ServiceId: cg1-server

2026-07-29 14:30:56.445 +03:00 [INF] Configuration Orleans.Configuration.ConnectionOptions:
ProtocolVersion: Version1
ConnectionsPerEndpoint: 1
ConnectionRetryDelay: 00:00:01
OpenConnectionTimeout: 00:00:05

2026-07-29 14:30:56.459 +03:00 [INF] Configuration Orleans.Configuration.ConsistentRingOptions:
NumVirtualBucketsConsistentRing: 30
UseVirtualBucketsConsistentRing: True

2026-07-29 14:30:56.462 +03:00 [INF] Configuration Orleans.Configuration.DevelopmentClusterMembershipOptions:
PrimarySiloEndpoint: 127.0.0.1:11111

2026-07-29 14:30:56.465 +03:00 [INF] Configuration Orleans.Configuration.EndpointOptions:
AdvertisedIPAddress: 127.0.0.1
SiloPort: 11111
GatewayPort: 30000
SiloListeningEndpoint: 
GatewayListeningEndpoint: 

2026-07-29 14:30:56.474 +03:00 [INF] Configuration Orleans.Configuration.GrainCollectionOptions:
CollectionQuantum: 00:01:00
CollectionAge: 00:15:00
ActivationTimeout: 00:00:30
DeactivationTimeout: 00:00:30
EnableActivationSheddingOnMemoryPressure: False
MemoryUsagePollingPeriod: 00:00:05
MemoryUsageLimitPercentage: 80
MemoryUsageTargetPercentage: 75

2026-07-29 14:30:56.479 +03:00 [INF] Configuration Orleans.Configuration.GrainDirectoryOptions:
CachingStrategy: LRU
CacheSize: 1000000
LazyDeregistrationDelay: 00:01:00

2026-07-29 14:30:56.485 +03:00 [INF] Configuration Orleans.Configuration.GrainVersioningOptions:
DefaultCompatibilityStrategy: BackwardCompatible
DefaultVersionSelectorStrategy: AllCompatibleVersions

2026-07-29 14:30:56.495 +03:00 [INF] Configuration Orleans.Configuration.LoadSheddingOptions:
LoadSheddingEnabled: False
CpuThreshold: 95
MemoryThreshold: 90

2026-07-29 14:30:56.502 +03:00 [INF] Configuration Orleans.Configuration.ResourceOptimizedPlacementOptions:
CpuUsageWeight: 40
MemoryUsageWeight: 20
AvailableMemoryWeight: 20
MaxAvailableMemoryWeight: 5
ActivationCountWeight: 15
LocalSiloPreferenceMargin: 5

2026-07-29 14:30:56.509 +03:00 [INF] Configuration Orleans.Configuration.SchedulingOptions:
DelayWarningThreshold: 00:00:10
ActivationSchedulingQuantum: 00:00:00.1000000
TurnWarningLengthThreshold: 00:00:01
MaxPendingWorkItemsSoftLimit: 0
StoppedActivationWarningInterval: 00:01:00

2026-07-29 14:30:56.523 +03:00 [INF] Configuration Orleans.Configuration.SiloMessagingOptions:
SiloSenderQueues: 0
GatewaySenderQueues: 0
MaxForwardCount: 2
ClientDropTimeout: 00:01:00
ClientRegistrationRefresh: 00:05:00
ClientGatewayShutdownNotificationTimeout: 00:00:00
MaxEnqueuedRequestsSoftLimit: 0
MaxEnqueuedRequestsHardLimit: 0
MaxEnqueuedRequestsSoftLimit_StatelessWorker: 0
MaxEnqueuedRequestsHardLimit_StatelessWorker: 0
MaxRequestProcessingTime: 02:00:00
AssumeHomogenousSilosForTesting: False
SystemResponseTimeout: 00:30:00
GrainWorkloadAnalysisPeriod: 00:00:05
RequestProcessingWarningTime: 00:00:20
RequestQueueDelayWarningTime: 00:00:20
WaitForMessageToBeQueuedForOutboundTime: 00:00:00
ResponseTimeout: 00:30:00
ResponseTimeoutWithDebugger: 00:30:00
DropExpiredMessages: True
MaxMessageHeaderSize: 10485760
MaxMessageBodySize: 104857600
CancelRequestOnTimeout: False
WaitForCancellationAcknowledgement: False
CancelUnknownRequestOnStatusUpdate: False

2026-07-29 14:30:56.534 +03:00 [INF] Configuration Orleans.Configuration.SiloOptions:
SiloName: Silo_8c9dd

2026-07-29 14:30:56.541 +03:00 [INF] Configuration Orleans.Configuration.StatelessWorkerOptions:
RemoveIdleWorkers: True
IdleWorkersInspectionPeriod: 00:00:00.5000000
MinIdleCyclesBeforeRemoval: 1

2026-07-29 14:30:56.584 +03:00 [INF] Silo Start()
2026-07-29 14:30:56.731 +03:00 [INF] MembershipOracle starting on host dmd-desktop with SiloAddress S127.0.0.1:11111:144329454 at 2026-07-29 11:30:54.748 GMT
2026-07-29 14:30:56.732 +03:00 [INF] Init grain services took 3 milliseconds to finish
2026-07-29 14:30:56.900 +03:00 [INF] Connected to membership table provider.
2026-07-29 14:30:56.942 +03:00 [INF] Joining
2026-07-29 14:30:57.001 +03:00 [INF] -BecomeActive
2026-07-29 14:30:57.041 +03:00 [INF] -Finished BecomeActive.
2026-07-29 14:30:57.232 +03:00 [INF] Orleans Silo started.
2026-07-29 14:30:57.479 +03:00 [INF] Now listening on: http://localhost:5000
2026-07-29 14:30:57.484 +03:00 [INF] Application started. Press Ctrl+C to shut down.
2026-07-29 14:30:57.486 +03:00 [INF] Hosting environment: Production
2026-07-29 14:30:57.493 +03:00 [INF] Content root path: D:\coregame\SharedMeta\examples\CardGame_TheFool\CardGame.Server
2026-07-29 14:43:11.564 +03:00 [INF] Request starting HTTP/1.1 POST http://localhost:5000/meta/negotiate?negotiateVersion=1 - null 0
2026-07-29 14:43:11.596 +03:00 [INF] Executing endpoint '/meta/negotiate'
2026-07-29 14:43:11.629 +03:00 [INF] Executed endpoint '/meta/negotiate'
2026-07-29 14:43:11.633 +03:00 [INF] Request finished HTTP/1.1 POST http://localhost:5000/meta/negotiate?negotiateVersion=1 - 200 316 application/json 83.4633ms
2026-07-29 14:43:11.688 +03:00 [INF] Request starting HTTP/1.1 GET http://localhost:5000/meta?id=zS6S_vOiuQWtGl4z6kdn7A - null null
2026-07-29 14:43:11.694 +03:00 [INF] Executing endpoint '/meta'
2026-07-29 14:43:11.787 +03:00 [INF] Connected: ONErkjAgGA0l2gxqne7xxw
2026-07-29 14:43:12.872 +03:00 [INF] Activated for game mode: cg1-2p
2026-07-29 14:43:12.881 +03:00 [INF] 3e29dca6 (entity=3e29dca6) joined queue for cg1-2p (1 waiting, need 2)
2026-07-29 14:43:30.219 +03:00 [INF] Request starting HTTP/1.1 POST http://localhost:5000/meta/negotiate?negotiateVersion=1 - null 0
2026-07-29 14:43:30.225 +03:00 [INF] Executing endpoint '/meta/negotiate'
2026-07-29 14:43:30.228 +03:00 [INF] Executed endpoint '/meta/negotiate'
2026-07-29 14:43:30.231 +03:00 [INF] Request finished HTTP/1.1 POST http://localhost:5000/meta/negotiate?negotiateVersion=1 - 200 316 application/json 11.7055ms
2026-07-29 14:43:30.284 +03:00 [INF] Request starting HTTP/1.1 GET http://localhost:5000/meta?id=i2ZKG4yMEUTzKynwN64RFg - null null
2026-07-29 14:43:30.288 +03:00 [INF] Executing endpoint '/meta'
2026-07-29 14:43:30.329 +03:00 [INF] Connected: 7AP5PbkVIOmJtyxU_cgiaA
2026-07-29 14:43:30.667 +03:00 [INF] 50ae2f2b (entity=50ae2f2b) joined queue for cg1-2p (2 waiting, need 2)
2026-07-29 14:43:30.675 +03:00 [INF] Match formed: match-7f2f27872fee458585615b9522d4b30f with 2 players
2026-07-29 14:43:32.071 +03:00 [ERR] Error in methodId=3
System.ArgumentOutOfRangeException: Specified argument was out of the range of valid values.
   at SharedMeta.Serialization.MemoryPack.MemoryPackPayloadWriter.EnsureCapacity(Int32 sizeHint) in D:\coregame\SharedMeta\com.coregame.sharedmeta\Runtime\Serialization\MemoryPack\MemoryPackMetaSerializer.cs:line 79
   at SharedMeta.Serialization.MemoryPack.MemoryPackPayloadWriter.Write[T](T value) in D:\coregame\SharedMeta\com.coregame.sharedmeta\Runtime\Serialization\MemoryPack\MemoryPackMetaSerializer.cs:line 93
   at CardGame.Shared.Server.RandomServiceRecorder.Next(Int32 max) in D:\coregame\SharedMeta\examples\CardGame_TheFool\CardGame.Shared\obj\Generated\SharedMeta.Generator\SharedMeta.Generator.SharedMetaGenerator\RandomServiceRecorder.g.cs:line 25
   at CardGame.Shared.CardGameService.ShuffleDeck(List`1 deck) in D:\coregame\SharedMeta\examples\CardGame_TheFool\CardGame.Shared\CardGameService.cs:line 592
   at CardGame.Shared.CardGameService.NewGame(Int32 cardsPerPlayer) in D:\coregame\SharedMeta\examples\CardGame_TheFool\CardGame.Shared\CardGameService.cs:line 99
   at CardGame.Shared.Server.ICardGameServiceDispatcher.Dispatch(ICardGameService service, UInt16 methodId, ReadOnlyMemory`1 payload, IMetaSerializer serializer) in D:\coregame\SharedMeta\examples\CardGame_TheFool\CardGame.Shared\obj\Generated\SharedMeta.Generator\SharedMeta.Generator.SharedMetaGenerator\ICardGameServiceDispatcher.g.cs:line 44
   at CardGame.Shared.Server.GeneratedGameStateMetaProvider.DispatchCall(UInt16 methodId, ReadOnlyMemory`1 payload) in D:\coregame\SharedMeta\examples\CardGame_TheFool\CardGame.Server\obj\Generated\SharedMeta.Generator\SharedMeta.Generator.SharedMetaGenerator\ServerMetaConfiguration.g.cs:line 80
   at SharedMeta.Server.Core.MetaProviderBase`1.HandleCallAsync(RpcCall call, Boolean isClientOriginated, Boolean requirePatchForFanOut, Int64 entitySequenceNumber) in D:\coregame\SharedMeta\src\SharedMeta.Server.Core\MetaProviderBase.cs:line 882
2026-07-29 14:54:07.892 +03:00 [INF] Application is shutting down...
2026-07-29 14:54:07.911 +03:00 [INF] Disconnected: 7AP5PbkVIOmJtyxU_cgiaA (player=50ae2f2b)
2026-07-29 14:54:07.912 +03:00 [INF] Disconnected: ONErkjAgGA0l2gxqne7xxw (player=3e29dca6)
2026-07-29 14:54:07.938 +03:00 [INF] Executed endpoint '/meta'
2026-07-29 14:54:07.938 +03:00 [INF] Executed endpoint '/meta'
2026-07-29 14:54:07.942 +03:00 [INF] Request finished HTTP/1.1 GET http://localhost:5000/meta?id=zS6S_vOiuQWtGl4z6kdn7A - 101 null null 656254.3595ms
2026-07-29 14:54:07.943 +03:00 [INF] Request finished HTTP/1.1 GET http://localhost:5000/meta?id=i2ZKG4yMEUTzKynwN64RFg - 101 null null 637659.7723ms
2026-07-29 14:54:07.959 +03:00 [INF] Stopping Orleans Silo
2026-07-29 14:54:08.348 +03:00 [INF] Orleans Silo stopped.
2026-07-29 14:54:28.201 +03:00 [INF] === TheFool Server (Orleans) ===
2026-07-29 14:54:28.242 +03:00 [INF] Listening on http://localhost:5000
2026-07-29 14:54:28.248 +03:00 [INF] SignalR Hub: /meta
2026-07-29 14:54:28.360 +03:00 [INF] Silo starting with GC settings: ServerGC=true GCLatencyMode="Interactive"
2026-07-29 14:54:28.370 +03:00 [INF] -------------- Initializing silo on host dmd-desktop MachineName DMD-DESKTOP at 127.0.0.1:11111, gen 144330868 --------------
2026-07-29 14:54:28.376 +03:00 [INF] Starting silo Silo_07fb0
2026-07-29 14:54:28.780 +03:00 [INF] GrainBasedMembershipTable Activated.
2026-07-29 14:54:28.803 +03:00 [INF] -------------- Started silo S127.0.0.1:11111:144330868, ConsistentHashCode 3F8DADB2 --------------
2026-07-29 14:54:28.821 +03:00 [INF] Starting Orleans Silo.
2026-07-29 14:54:28.841 +03:00 [INF] Configuration Orleans.Configuration.ActivationCountBasedPlacementOptions:
ChooseOutOf: 2

2026-07-29 14:54:28.846 +03:00 [INF] Configuration Orleans.Configuration.ClusterMembershipOptions:
NumMissedTableIAmAliveLimit: 3
LivenessEnabled: True
ProbeTimeout: 00:00:05
TableRefreshTimeout: 00:01:00
DeathVoteExpirationTimeout: 00:02:00
IAmAliveTablePublishTimeout: 00:00:30
MaxJoinAttemptTime: 00:05:00
UseLivenessGossip: True
NumProbedSilos: 10
NumMissedProbesLimit: 3
NumVotesForDeathDeclaration: 2
DefunctSiloExpiration: 7.00:00:00
DefunctSiloCleanupPeriod: 01:00:00
LocalHealthDegradationMonitoringPeriod: 00:00:10
ExtendProbeTimeoutDuringDegradation: True
EnableIndirectProbes: True
EvictWhenMaxJoinAttemptTimeExceeded: True

2026-07-29 14:54:28.848 +03:00 [INF] Configuration Orleans.Configuration.ClusterOptions:
ClusterId: cg1-cluster
ServiceId: cg1-server

2026-07-29 14:54:28.851 +03:00 [INF] Configuration Orleans.Configuration.ConnectionOptions:
ProtocolVersion: Version1
ConnectionsPerEndpoint: 1
ConnectionRetryDelay: 00:00:01
OpenConnectionTimeout: 00:00:05

2026-07-29 14:54:28.852 +03:00 [INF] Configuration Orleans.Configuration.ConsistentRingOptions:
NumVirtualBucketsConsistentRing: 30
UseVirtualBucketsConsistentRing: True

2026-07-29 14:54:28.854 +03:00 [INF] Configuration Orleans.Configuration.DevelopmentClusterMembershipOptions:
PrimarySiloEndpoint: 127.0.0.1:11111

2026-07-29 14:54:28.856 +03:00 [INF] Configuration Orleans.Configuration.EndpointOptions:
AdvertisedIPAddress: 127.0.0.1
SiloPort: 11111
GatewayPort: 30000
SiloListeningEndpoint: 
GatewayListeningEndpoint: 

2026-07-29 14:54:28.861 +03:00 [INF] Configuration Orleans.Configuration.GrainCollectionOptions:
CollectionQuantum: 00:01:00
CollectionAge: 00:15:00
ActivationTimeout: 00:00:30
DeactivationTimeout: 00:00:30
EnableActivationSheddingOnMemoryPressure: False
MemoryUsagePollingPeriod: 00:00:05
MemoryUsageLimitPercentage: 80
MemoryUsageTargetPercentage: 75

2026-07-29 14:54:28.864 +03:00 [INF] Configuration Orleans.Configuration.GrainDirectoryOptions:
CachingStrategy: LRU
CacheSize: 1000000
LazyDeregistrationDelay: 00:01:00

2026-07-29 14:54:28.866 +03:00 [INF] Configuration Orleans.Configuration.GrainVersioningOptions:
DefaultCompatibilityStrategy: BackwardCompatible
DefaultVersionSelectorStrategy: AllCompatibleVersions

2026-07-29 14:54:28.868 +03:00 [INF] Configuration Orleans.Configuration.LoadSheddingOptions:
LoadSheddingEnabled: False
CpuThreshold: 95
MemoryThreshold: 90

2026-07-29 14:54:28.869 +03:00 [INF] Configuration Orleans.Configuration.ResourceOptimizedPlacementOptions:
CpuUsageWeight: 40
MemoryUsageWeight: 20
AvailableMemoryWeight: 20
MaxAvailableMemoryWeight: 5
ActivationCountWeight: 15
LocalSiloPreferenceMargin: 5

2026-07-29 14:54:28.871 +03:00 [INF] Configuration Orleans.Configuration.SchedulingOptions:
DelayWarningThreshold: 00:00:10
ActivationSchedulingQuantum: 00:00:00.1000000
TurnWarningLengthThreshold: 00:00:01
MaxPendingWorkItemsSoftLimit: 0
StoppedActivationWarningInterval: 00:01:00

2026-07-29 14:54:28.875 +03:00 [INF] Configuration Orleans.Configuration.SiloMessagingOptions:
SiloSenderQueues: 0
GatewaySenderQueues: 0
MaxForwardCount: 2
ClientDropTimeout: 00:01:00
ClientRegistrationRefresh: 00:05:00
ClientGatewayShutdownNotificationTimeout: 00:00:00
MaxEnqueuedRequestsSoftLimit: 0
MaxEnqueuedRequestsHardLimit: 0
MaxEnqueuedRequestsSoftLimit_StatelessWorker: 0
MaxEnqueuedRequestsHardLimit_StatelessWorker: 0
MaxRequestProcessingTime: 02:00:00
AssumeHomogenousSilosForTesting: False
SystemResponseTimeout: 00:30:00
GrainWorkloadAnalysisPeriod: 00:00:05
RequestProcessingWarningTime: 00:00:20
RequestQueueDelayWarningTime: 00:00:20
WaitForMessageToBeQueuedForOutboundTime: 00:00:00
ResponseTimeout: 00:30:00
ResponseTimeoutWithDebugger: 00:30:00
DropExpiredMessages: True
MaxMessageHeaderSize: 10485760
MaxMessageBodySize: 104857600
CancelRequestOnTimeout: False
WaitForCancellationAcknowledgement: False
CancelUnknownRequestOnStatusUpdate: False

2026-07-29 14:54:28.878 +03:00 [INF] Configuration Orleans.Configuration.SiloOptions:
SiloName: Silo_07fb0

2026-07-29 14:54:28.881 +03:00 [INF] Configuration Orleans.Configuration.StatelessWorkerOptions:
RemoveIdleWorkers: True
IdleWorkersInspectionPeriod: 00:00:00.5000000
MinIdleCyclesBeforeRemoval: 1

2026-07-29 14:54:28.898 +03:00 [INF] Silo Start()
2026-07-29 14:54:28.928 +03:00 [INF] MembershipOracle starting on host dmd-desktop with SiloAddress S127.0.0.1:11111:144330868 at 2026-07-29 11:54:28.282 GMT
2026-07-29 14:54:28.930 +03:00 [INF] Init grain services took 1 milliseconds to finish
2026-07-29 14:54:28.990 +03:00 [INF] Connected to membership table provider.
2026-07-29 14:54:29.009 +03:00 [INF] Joining
2026-07-29 14:54:29.041 +03:00 [INF] -BecomeActive
2026-07-29 14:54:29.057 +03:00 [INF] -Finished BecomeActive.
2026-07-29 14:54:29.068 +03:00 [INF] Orleans Silo started.
2026-07-29 14:54:29.174 +03:00 [INF] Now listening on: http://localhost:5000
2026-07-29 14:54:29.176 +03:00 [INF] Application started. Press Ctrl+C to shut down.
2026-07-29 14:54:29.178 +03:00 [INF] Hosting environment: Production
2026-07-29 14:54:29.181 +03:00 [INF] Content root path: D:\coregame\SharedMeta\examples\CardGame_TheFool\CardGame.Server
2026-07-29 14:54:42.491 +03:00 [INF] Request starting HTTP/1.1 POST http://localhost:5000/meta/negotiate?negotiateVersion=1 - null 0
2026-07-29 14:54:42.517 +03:00 [INF] Executing endpoint '/meta/negotiate'
2026-07-29 14:54:42.541 +03:00 [INF] Executed endpoint '/meta/negotiate'
2026-07-29 14:54:42.546 +03:00 [INF] Request finished HTTP/1.1 POST http://localhost:5000/meta/negotiate?negotiateVersion=1 - 200 316 application/json 64.5482ms
2026-07-29 14:54:42.596 +03:00 [INF] Request starting HTTP/1.1 GET http://localhost:5000/meta?id=c-Qj5StjcgLZzpQp780NHQ - null null
2026-07-29 14:54:42.600 +03:00 [INF] Executing endpoint '/meta'
2026-07-29 14:54:42.687 +03:00 [INF] Connected: 10yeaenaxHmg5A9PQkW8gw
2026-07-29 14:54:43.666 +03:00 [INF] Activated for game mode: cg1-2p
2026-07-29 14:54:43.672 +03:00 [INF] 7e614306 (entity=7e614306) joined queue for cg1-2p (1 waiting, need 2)
2026-07-29 14:54:53.052 +03:00 [INF] Request starting HTTP/1.1 POST http://localhost:5000/meta/negotiate?negotiateVersion=1 - null 0
2026-07-29 14:54:53.057 +03:00 [INF] Executing endpoint '/meta/negotiate'
2026-07-29 14:54:53.058 +03:00 [INF] Executed endpoint '/meta/negotiate'
2026-07-29 14:54:53.061 +03:00 [INF] Request finished HTTP/1.1 POST http://localhost:5000/meta/negotiate?negotiateVersion=1 - 200 316 application/json 8.0829ms
2026-07-29 14:54:53.104 +03:00 [INF] Request starting HTTP/1.1 GET http://localhost:5000/meta?id=leZ90MH2EJmfTW8ecyQ7sw - null null
2026-07-29 14:54:53.109 +03:00 [INF] Executing endpoint '/meta'
2026-07-29 14:54:53.152 +03:00 [INF] Connected: M39SM1Wg-7UxXE0RBF3uvg
2026-07-29 14:54:53.499 +03:00 [INF] 64f05bbf (entity=64f05bbf) joined queue for cg1-2p (2 waiting, need 2)
2026-07-29 14:54:53.505 +03:00 [INF] Match formed: match-2346d0309e23414eb09dd1be29690b01 with 2 players
2026-07-29 14:56:55.082 +03:00 [INF] Disconnected: 10yeaenaxHmg5A9PQkW8gw (player=7e614306)
2026-07-29 14:56:55.108 +03:00 [INF] Executed endpoint '/meta'
2026-07-29 14:56:55.111 +03:00 [INF] Request finished HTTP/1.1 GET http://localhost:5000/meta?id=c-Qj5StjcgLZzpQp780NHQ - 101 null null 132514.8667ms
2026-07-29 14:56:57.211 +03:00 [INF] Disconnected: M39SM1Wg-7UxXE0RBF3uvg (player=64f05bbf)
2026-07-29 14:56:57.217 +03:00 [INF] Executed endpoint '/meta'
2026-07-29 14:56:57.219 +03:00 [INF] Request finished HTTP/1.1 GET http://localhost:5000/meta?id=leZ90MH2EJmfTW8ecyQ7sw - 101 null null 124114.9119ms
2026-07-29 14:56:59.346 +03:00 [INF] Application is shutting down...
2026-07-29 14:56:59.361 +03:00 [INF] Stopping Orleans Silo
2026-07-29 14:56:59.770 +03:00 [INF] Orleans Silo stopped.
